INFO:pyaf.timing:('OPERATION_START', ('SIGNAL_TRAINING', {'Signals': ['signal2'], 'Transformations': [('signal2', 'None', 'RelDiff_', 'T+S+R')], 'Cores': 1}))
INFO:pyaf.timing:('OPERATION_START', ('TRAINING', {'Signal': 'signal2', 'Transformation': 'RelDiff_signal2'}))
/home/circleci/.pyenv/versions/3.10.2/lib/python3.10/site-packages/xgboost/compat.py:36: FutureWarning: pandas.Int64Index is deprecated and will be removed from pandas in a future version. Use pandas.Index with the appropriate dtype instead.
  from pandas import MultiIndex, Int64Index
<class 'pandas.core.frame.DataFrame'>
RangeIndex: 1200 entries, 0 to 1199
Data columns (total 2 columns):
 #   Column  Non-Null Count  Dtype  
---  ------  --------------  -----  
 0   time    1200 non-null   int64  
 1   rate    1200 non-null   float64
dtypes: float64(1), int64(1)
memory usage: 18.9 KB
   time  rate  signal2
0     0   0.2   1.0000
1     1   0.2   1.2000
2     2   0.2   1.4400
3     3   0.2   1.7280
4     4   0.2   2.0736
Traceback (most recent call last):
  File "/home/circleci/project/pyaf/ForecastEngine.py", line 25, in train
    self.mSignalDecomposition.train(iInputDS, iTime, iSignal, iHorizon, iExogenousData);
  File "/home/circleci/project/pyaf/TS/SignalDecomposition.py", line 666, in train
    lTrainer.train(iInputDS, lSplits , self.mDateColumns, self.mSignals, self.mHorizons)
  File "/home/circleci/project/pyaf/TS/SignalDecomposition.py", line 416, in train
    self.train_all_transformations(iInputDS, iSplits, iTime, iSignals, iHorizon);
  File "/home/circleci/project/pyaf/TS/SignalDecomposition.py", line 512, in train_all_transformations
    res = run_transform_thread(arg)
  File "/home/circleci/project/pyaf/TS/SignalDecomposition.py", line 380, in run_transform_thread
    arg.mSigDec.train(arg.mInputDS, arg.mSplit, arg.mTime, arg.mSignal, arg.mHorizon, arg.mTransformation, arg.mDecompositionType);
  File "/home/circleci/project/pyaf/TS/SignalDecomposition.py", line 194, in train
    lAREstimator.estimate();
  File "/home/circleci/project/pyaf/TS/SignalDecomposition_AR.py", line 323, in estimate
    self.add_model_if_activated(cycle_residue, 'CROSTON', interm.cCroston_Model, lLags, False)
  File "/home/circleci/project/pyaf/TS/SignalDecomposition_AR.py", line 278, in add_model_if_activated
    if(self.mOptions.mActiveAutoRegressions[model_type_str + 'X'] and (self.mExogenousInfo is not None)):
KeyError: 'CROSTONX'

During handling of the above exception, another exception occurred:

Traceback (most recent call last):
  File "/home/circleci/project/tests/transformations/test_ozone_transf_relative_difference_1.py", line 66, in <module>
    test_transformation('RelativeDifference')
  File "/home/circleci/project/tests/transformations/test_ozone_transf_relative_difference_1.py", line 38, in test_transformation
    lEngine.train(df , lTimeVar , lSignalVar, H);
  File "/home/circleci/project/pyaf/ForecastEngine.py", line 30, in train
    raise tsutil.PyAF_Error("TRAIN_FAILED");
pyaf.TS.Utils.PyAF_Error: TRAIN_FAILED
INFO:pyaf.timing:('OPERATION_END_ELAPSED', 0.381, ('TRAINING', {'Signal': 'signal2', 'Transformation': 'RelDiff_signal2'}))
INFO:pyaf.timing:('OPERATION_END_ELAPSED', 0.385, ('SIGNAL_TRAINING', {'Signals': ['signal2'], 'Transformations': [('signal2', 'None', 'RelDiff_', 'T+S+R')], 'Cores': 1}))
